Info: Starting: Create HDL design files for synthesis
Info: qsys-generate /lhcb_upgrade/Hardware/FPGA/JM/GBT/svn/trunk/gbt_bank/altera_ax/mgt/gx_reset_rx/gx_reset_rx.qsys --synthesis=VHDL --output-directory=/lhcb_upgrade/Hardware/FPGA/JM/GBT/svn/trunk/gbt_bank/altera_ax/mgt/gx_reset_rx/gx_reset_rx --family="Arria 10" --part=10AX115S4F45I3SGE2
Progress: Loading gx_reset_rx/gx_reset_rx.qsys
Progress: Reading input file
Progress: Adding xcvr_reset_control_0 [altera_xcvr_reset_control 15.1]
Progress: Parameterizing module xcvr_reset_control_0
Progress: Building connections
Progress: Parameterizing connections
Progress: Validating
Progress: Done reading input file
Info: gx_reset_rx: "Transforming system: gx_reset_rx"
Info: gx_reset_rx: Running transform generation_view_transform
Info: gx_reset_rx: Running transform generation_view_transform took 0.000s
Info: xcvr_reset_control_0: Running transform generation_view_transform
Info: xcvr_reset_control_0: Running transform generation_view_transform took 0.000s
Info: gx_reset_rx: Running transform merlin_avalon_transform
Info: gx_reset_rx: Running transform merlin_avalon_transform took 0.031s
Info: gx_reset_rx: "Naming system components in system: gx_reset_rx"
Info: gx_reset_rx: "Processing generation queue"
Info: gx_reset_rx: "Generating: gx_reset_rx"
Info: gx_reset_rx: "Generating: altera_xcvr_reset_control"
Info: xcvr_reset_control_0: add_fileset_file ./altera_xcvr_functions.sv SYSTEM_VERILOG PATH ../../../altera_xcvr_generic/altera_xcvr_functions.sv
Info: xcvr_reset_control_0: add_fileset_file ./alt_xcvr_resync.sv SYSTEM_VERILOG PATH ../../../altera_xcvr_generic/ctrl/alt_xcvr_resync.sv
Info: xcvr_reset_control_0: add_fileset_file ./altera_xcvr_reset_control.sv SYSTEM_VERILOG PATH ..//altera_xcvr_reset_control.sv
Info: xcvr_reset_control_0: add_fileset_file ./alt_xcvr_reset_counter.sv SYSTEM_VERILOG PATH ..//alt_xcvr_reset_counter.sv
Info: gx_reset_rx: Done "gx_reset_rx" with 2 modules, 7 files
Info: qsys-generate succeeded.
Info: Finished: Create HDL design files for synthesis
