D:\cern\glib\orig\tracker1.3.glibv3.8cbc2_orig\vhdl\prj_iphc_strasbourg\glib_v3_be\glib_top.ngc 1470287155
../../src/user/iphc_strasbourg/common/dist_mem/dist_mem_gen_v5_1.ngc 1470222385
../../src/user/iphc_strasbourg/be/ipcore_dir/tdc_counter/6bit/dsp48/ipcore_tdc_counter.ngc 1470222296
../../src/user/iphc_strasbourg/be/ipcore_dir/stubdata/L1A_varDelay/1x128/ipcore_L1A_varDelay.ngc 1470222223
../../src/user/iphc_strasbourg/be/ipcore_dir/stubdata/StubData_varDelay/8x128/ipcore_stubdata_varDelay.ngc 1470223353
../../src/user/iphc_strasbourg/common/chipscope/ila_TenTrig1b/ila_TenTrig1b.ngc 1470223195
../../src/user/iphc_strasbourg/be/ipcore_dir/ipcore_fifo/fifo_cbcv2/264x512/ipcore_fifo_cbcv2.ngc 1470222819
../../src/user/iphc_strasbourg/be/ipcore_dir/ipcore_fifo/fifo_cbcCounter/24x512/ipcore_fifo_cbcCounter.ngc 1470222704
../../src/user/iphc_strasbourg/be/ipcore_dir/ipcore_fifo/fifo_time_triggerCounter/96x512/ipcore_fifo_time_triggerCounter.ngc 1470222934
../../src/user/iphc_strasbourg/be/ipcore_dir/ipcore_fifo/fifo_StubData/8x512/ipcore_fifo_StubData.ngc 1470223303
../../src/user/iphc_strasbourg/be/ipcore_dir/ipcore_fifo/fifo_tdcCounter/6x512/ipcore_fifo_tdcCounter.ngc 1470223051
../../src/user/iphc_strasbourg/common/chipscope/icon_OneCtrl.ngc 1470222440
../../src/system/ethernet/ipcore_dir/basex/v6_emac_v2_3_basex.ngc 1470222011
../../src/system/ethernet/ipcore_dir/sgmii/v6_emac_v2_3_sgmii.ngc 1470222059
../../src/system/cdce/cdce_phase_mon_v2/dpram/ttclk_distributed_dpram.ngc 1470221951
OK
