D:\cern\glib\gbt-fpga-4.1.0_orig\example_designs\xilinx_v6\glib\ise_project\glib_top.ngc 1470721311
../../../../tracker1.3.glibv3.8cbc2_orig/vhdl/src/user/iphc_strasbourg/common/dist_mem/dist_mem_gen_v5_1.ngc 1450276180
../../../../gbt_bank/xilinx_v6/gbt_tx/tx_dpram/xlx_v6_tx_dpram.ngc 1396361199
../../../../gbt_bank/xilinx_v6/gbt_rx/rx_dpram/xlx_v6_rx_dpram.ngc 1396361199
../../../../../dtc_fe_gbt/dtc_3.0/src/cores/cicbram/cicbram.ngc 1462442873
../../../../../dtc_fe_gbt/dtc_3.0/src/cores/dtc_buff/dtc_buff.ngc 1462443063
../../core_sources/chipscope_ila/xlx_v6_chipscope_ila.ngc 1469182667
../../../../tracker1.3.glibv3.8cbc2_orig/vhdl/src/user/iphc_strasbourg/be/ipcore_dir/tdc_counter/6bit/dsp48/ipcore_tdc_counter.ngc 1450276180
ipcore_dir/Txbram.ngc 1466831410
../../core_sources/chipscope_vio/xlx_v6_chipscope_vio.ngc 1469172138
ipcore_dir/Rxbram.ngc 1466831627
../../../../tracker1.3.glibv3.8cbc2_orig/vhdl/src/user/iphc_strasbourg/be/ipcore_dir/stubdata/L1A_varDelay/1x128/ipcore_L1A_varDelay.ngc 1450276180
../../../../tracker1.3.glibv3.8cbc2_orig/vhdl/src/user/iphc_strasbourg/be/ipcore_dir/stubdata/StubData_varDelay/8x128/ipcore_stubdata_varDelay.ngc 1450276180
../../core_sources/chipscope_icon/xlx_v6_chipscope_icon.ngc 1469170741
../../../../tracker1.3.glibv3.8cbc2_orig/vhdl/src/user/iphc_strasbourg/be/ipcore_dir/ipcore_fifo/fifo_tdcCounter/6x512/ipcore_fifo_tdcCounter.ngc 1450276180
../../../../tracker1.3.glibv3.8cbc2_orig/vhdl/src/user/iphc_strasbourg/be/ipcore_dir/ipcore_fifo/fifo_StubData/8x512/ipcore_fifo_StubData.ngc 1450276180
../../../../tracker1.3.glibv3.8cbc2_orig/vhdl/src/user/iphc_strasbourg/be/ipcore_dir/ipcore_fifo/fifo_cbcCounter/24x512/ipcore_fifo_cbcCounter.ngc 1450276180
../../../../tracker1.3.glibv3.8cbc2_orig/vhdl/src/user/iphc_strasbourg/be/ipcore_dir/ipcore_fifo/fifo_cbcv2/264x512/ipcore_fifo_cbcv2.ngc 1450276180
../../../../tracker1.3.glibv3.8cbc2_orig/vhdl/src/user/iphc_strasbourg/be/ipcore_dir/ipcore_fifo/fifo_time_triggerCounter/96x512/ipcore_fifo_time_triggerCounter.ngc 1450276180
../../../../tracker1.3.glibv3.8cbc2_orig/vhdl/src/system/ethernet/ipcore_dir/basex/v6_emac_v2_3_basex.ngc 1450276180
../../../../tracker1.3.glibv3.8cbc2_orig/vhdl/src/system/ethernet/ipcore_dir/sgmii/v6_emac_v2_3_sgmii.ngc 1450276180
../../../../tracker1.3.glibv3.8cbc2_orig/vhdl/src/system/cdce/cdce_phase_mon_v2/dpram/ttclk_distributed_dpram.ngc 1450276180
OK
