20:03:09 **** Build of configuration Debug for project dtc_2_sw ****
make all 
'Building file: ../src/helloworld.c'
'Invoking: MicroBlaze gcc compiler'
mb-gcc -Wall -O0 -g3 -c -fmessage-length=0 -Wl,--no-relax -I../../dtc_2_sw_bsp/microblaze_0/include -mxl-barrel-shift -mxl-pattern-compare -mcpu=v8.50.a -mno-xl-soft-mul -MMD -MP -MF"src/helloworld.d" -MT"src/helloworld.d" -o "src/helloworld.o" "../src/helloworld.c"
'Finished building: ../src/helloworld.c'
' '
'Building file: ../src/platform.c'
'Invoking: MicroBlaze gcc compiler'
mb-gcc -Wall -O0 -g3 -c -fmessage-length=0 -Wl,--no-relax -I../../dtc_2_sw_bsp/microblaze_0/include -mxl-barrel-shift -mxl-pattern-compare -mcpu=v8.50.a -mno-xl-soft-mul -MMD -MP -MF"src/platform.d" -MT"src/platform.d" -o "src/platform.o" "../src/platform.c"
'Finished building: ../src/platform.c'
' '
'Building target: dtc_2_sw.elf'
'Invoking: MicroBlaze gcc linker'
mb-gcc -Wl,--no-relax -Wl,-T -Wl,../src/lscript.ld -L../../dtc_2_sw_bsp/microblaze_0/lib -mxl-barrel-shift -mxl-pattern-compare -mcpu=v8.50.a -mno-xl-soft-mul -o "dtc_2_sw.elf"  ./src/helloworld.o ./src/platform.o   -Wl,--start-group,-lxil,-lgcc,-lc,--end-group
'Finished building target: dtc_2_sw.elf'
' '
'Invoking: MicroBlaze Print Size'
mb-size dtc_2_sw.elf  |tee "dtc_2_sw.elf.size"
   text	   data	    bss	    dec	    hex	filename
   2662	    292	   2088	   5042	   13b2	dtc_2_sw.elf
'Finished building: dtc_2_sw.elf.size'
' '
'Invoking: Xilinx ELF Check'
elfcheck dtc_2_sw.elf -hw ../../dtc_2_ublaze_hw_platform/system.xml -pe microblaze_0  |tee "dtc_2_sw.elf.elfcheck"
elfcheck
Xilinx EDK 14.5 Build EDK_P.58f
Copyright (c) 1995-2012 Xilinx, Inc.  All rights reserved.

Command Line: elfcheck -hw ../../dtc_2_ublaze_hw_platform/system.xml -pe
microblaze_0 dtc_2_sw.elf 

ELF file	: dtc_2_sw.elf
elfcheck passed.
'Finished building: dtc_2_sw.elf.elfcheck'
' '

20:03:11 Build Finished (took 2s.9ms)

